// Jest Snapshot v1, https://goo.gl/fbAQLP

exports[`PasswordConfirmationInput matches its snapshot 1`] = `
<FormGroup
  className="PasswordConfirmationInput"
  tag="div"
>
  <Label
    for="passwordConfirmation"
    tag="label"
    widths={
      Array [
        "xs",
        "sm",
        "md",
        "lg",
        "xl",
      ]
    }
  >
    Confirm Password
  </Label>
  <Input
    name="passwordConfirmation"
    onChange={[Function]}
    placeholder="Re-Type Password"
    type="password"
  />
</FormGroup>
`;
