// Jest Snapshot v1, https://goo.gl/fbAQLP

exports[`PasswordInput matches its snapshot 1`] = `
<FormGroup
  className="PasswordInput"
  tag="div"
>
  <Label
    for="password"
    tag="label"
    widths={
      Array [
        "xs",
        "sm",
        "md",
        "lg",
        "xl",
      ]
    }
  >
    Password
  </Label>
  <Input
    name="password"
    onChange={[Function]}
    type="password"
  />
</FormGroup>
`;
